<html>
<body>
<pre>
<h1>µVision Build Log</h1>
<h2>Project:</h2>
X:\work_file\Stm32F4_Test\work.uvproj
Project File Date:  03/24/2014

<h2>Output:</h2>
Build target 'Target 1'
compiling system_stm32f4xx.c...
compiling misc.c...
lib\STM32F4xx_StdPeriph_Driver\src\misc.c(70): error:  #5: cannot open source input file "misc.h": No such file or directory
compiling stm32f4xx_gpio.c...
lib\STM32F4xx_StdPeriph_Driver\src\stm32f4xx_gpio.c(79): error:  #5: cannot open source input file "stm32f4xx_gpio.h": No such file or directory
compiling stm32f4xx_pwr.c...
lib\STM32F4xx_StdPeriph_Driver\src\stm32f4xx_pwr.c(32): error:  #5: cannot open source input file "stm32f4xx_pwr.h": No such file or directory
compiling stm32f4xx_rcc.c...
lib\STM32F4xx_StdPeriph_Driver\src\stm32f4xx_rcc.c(56): error:  #5: cannot open source input file "stm32f4xx_rcc.h": No such file or directory
compiling stm32f4xx_syscfg.c...
lib\STM32F4xx_StdPeriph_Driver\src\stm32f4xx_syscfg.c(43): error:  #5: cannot open source input file "stm32f4xx_syscfg.h": No such file or directory
assembling startup_stm32f4xx.s...
compiling main.c...
main.h(28): error:  #5: cannot open source input file "stm324xg_eval.h": No such file or directory
compiling stm32f4xx_it.c...
main.h(28): error:  #5: cannot open source input file "stm324xg_eval.h": No such file or directory
".\work.axf" - 7 Errors, 0 Warning(s).
Target not created
Build target 'Target 1'
compiling system_stm32f4xx.c...
compiling misc.c...
lib\STM32F4xx_StdPeriph_Driver\src\misc.c(70): error:  #5: cannot open source input file "misc.h": No such file or directory
compiling stm32f4xx_gpio.c...
lib\STM32F4xx_StdPeriph_Driver\src\stm32f4xx_gpio.c(79): error:  #5: cannot open source input file "stm32f4xx_gpio.h": No such file or directory
compiling stm32f4xx_pwr.c...
lib\STM32F4xx_StdPeriph_Driver\src\stm32f4xx_pwr.c(32): error:  #5: cannot open source input file "stm32f4xx_pwr.h": No such file or directory
compiling stm32f4xx_rcc.c...
lib\STM32F4xx_StdPeriph_Driver\src\stm32f4xx_rcc.c(56): error:  #5: cannot open source input file "stm32f4xx_rcc.h": No such file or directory
compiling stm32f4xx_syscfg.c...
lib\STM32F4xx_StdPeriph_Driver\src\stm32f4xx_syscfg.c(43): error:  #5: cannot open source input file "stm32f4xx_syscfg.h": No such file or directory
compiling stm32f4xx_adc.c...
lib\STM32F4xx_StdPeriph_Driver\src\stm32f4xx_adc.c(98): error:  #5: cannot open source input file "stm32f4xx_adc.h": No such file or directory
compiling stm32f4xx_can.c...
lib\STM32F4xx_StdPeriph_Driver\src\stm32f4xx_can.c(80): error:  #5: cannot open source input file "stm32f4xx_can.h": No such file or directory
compiling stm32f4xx_crc.c...
lib\STM32F4xx_StdPeriph_Driver\src\stm32f4xx_crc.c(23): error:  #5: cannot open source input file "stm32f4xx_crc.h": No such file or directory
compiling stm32f4xx_cryp.c...
lib\STM32F4xx_StdPeriph_Driver\src\stm32f4xx_cryp.c(159): error:  #5: cannot open source input file "stm32f4xx_cryp.h": No such file or directory
compiling stm32f4xx_cryp_aes.c...
lib\STM32F4xx_StdPeriph_Driver\src\stm32f4xx_cryp_aes.c(46): error:  #5: cannot open source input file "stm32f4xx_cryp.h": No such file or directory
compiling stm32f4xx_cryp_des.c...
lib\STM32F4xx_StdPeriph_Driver\src\stm32f4xx_cryp_des.c(43): error:  #5: cannot open source input file "stm32f4xx_cryp.h": No such file or directory
compiling stm32f4xx_cryp_tdes.c...
lib\STM32F4xx_StdPeriph_Driver\src\stm32f4xx_cryp_tdes.c(43): error:  #5: cannot open source input file "stm32f4xx_cryp.h": No such file or directory
compiling stm32f4xx_dac.c...
lib\STM32F4xx_StdPeriph_Driver\src\stm32f4xx_dac.c(118): error:  #5: cannot open source input file "stm32f4xx_dac.h": No such file or directory
compiling stm32f4xx_dbgmcu.c...
lib\STM32F4xx_StdPeriph_Driver\src\stm32f4xx_dbgmcu.c(23): error:  #5: cannot open source input file "stm32f4xx_dbgmcu.h": No such file or directory
compiling stm32f4xx_dcmi.c...
lib\STM32F4xx_StdPeriph_Driver\src\stm32f4xx_dcmi.c(82): error:  #5: cannot open source input file "stm32f4xx_dcmi.h": No such file or directory
compiling stm32f4xx_dma.c...
lib\STM32F4xx_StdPeriph_Driver\src\stm32f4xx_dma.c(116): error:  #5: cannot open source input file "stm32f4xx_dma.h": No such file or directory
compiling stm32f4xx_exti.c...
lib\STM32F4xx_StdPeriph_Driver\src\stm32f4xx_exti.c(61): error:  #5: cannot open source input file "stm32f4xx_exti.h": No such file or directory
compiling stm32f4xx_flash.c...
lib\STM32F4xx_StdPeriph_Driver\src\stm32f4xx_flash.c(70): error:  #5: cannot open source input file "stm32f4xx_flash.h": No such file or directory
compiling stm32f4xx_fsmc.c...
lib\STM32F4xx_StdPeriph_Driver\src\stm32f4xx_fsmc.c(30): error:  #5: cannot open source input file "stm32f4xx_fsmc.h": No such file or directory
compiling stm32f4xx_hash.c...
lib\STM32F4xx_StdPeriph_Driver\src\stm32f4xx_hash.c(123): error:  #5: cannot open source input file "stm32f4xx_hash.h": No such file or directory
compiling stm32f4xx_hash_md5.c...
lib\STM32F4xx_StdPeriph_Driver\src\stm32f4xx_hash_md5.c(41): error:  #5: cannot open source input file "stm32f4xx_hash.h": No such file or directory
compiling stm32f4xx_hash_sha1.c...
lib\STM32F4xx_StdPeriph_Driver\src\stm32f4xx_hash_sha1.c(41): error:  #5: cannot open source input file "stm32f4xx_hash.h": No such file or directory
compiling stm32f4xx_i2c.c...
lib\STM32F4xx_StdPeriph_Driver\src\stm32f4xx_i2c.c(87): error:  #5: cannot open source input file "stm32f4xx_i2c.h": No such file or directory
compiling stm32f4xx_iwdg.c...
lib\STM32F4xx_StdPeriph_Driver\src\stm32f4xx_iwdg.c(82): error:  #5: cannot open source input file "stm32f4xx_iwdg.h": No such file or directory
compiling stm32f4xx_rng.c...
lib\STM32F4xx_StdPeriph_Driver\src\stm32f4xx_rng.c(51): error:  #5: cannot open source input file "stm32f4xx_rng.h": No such file or directory
compiling stm32f4xx_rtc.c...
lib\STM32F4xx_StdPeriph_Driver\src\stm32f4xx_rtc.c(277): error:  #5: cannot open source input file "stm32f4xx_rtc.h": No such file or directory
compiling stm32f4xx_sdio.c...
lib\STM32F4xx_StdPeriph_Driver\src\stm32f4xx_sdio.c(149): error:  #5: cannot open source input file "stm32f4xx_sdio.h": No such file or directory
compiling stm32f4xx_spi.c...
lib\STM32F4xx_StdPeriph_Driver\src\stm32f4xx_spi.c(152): error:  #5: cannot open source input file "stm32f4xx_spi.h": No such file or directory
compiling stm32f4xx_tim.c...
lib\STM32F4xx_StdPeriph_Driver\src\stm32f4xx_tim.c(114): error:  #5: cannot open source input file "stm32f4xx_tim.h": No such file or directory
compiling stm32f4xx_usart.c...
lib\STM32F4xx_StdPeriph_Driver\src\stm32f4xx_usart.c(85): error:  #5: cannot open source input file "stm32f4xx_usart.h": No such file or directory
compiling stm32f4xx_wwdg.c...
lib\STM32F4xx_StdPeriph_Driver\src\stm32f4xx_wwdg.c(80): error:  #5: cannot open source input file "stm32f4xx_wwdg.h": No such file or directory
assembling startup_stm32f4xx.s...
compiling main.c...
main.h(28): error:  #5: cannot open source input file "stm324xg_eval.h": No such file or directory
compiling stm32f4xx_it.c...
main.h(28): error:  #5: cannot open source input file "stm324xg_eval.h": No such file or directory
".\work.axf" - 33 Errors, 0 Warning(s).
Target not created
Build target 'Target 1'
compiling system_stm32f4xx.c...
compiling misc.c...
compiling stm32f4xx_gpio.c...
compiling stm32f4xx_pwr.c...
compiling stm32f4xx_rcc.c...
compiling stm32f4xx_syscfg.c...
compiling stm32f4xx_adc.c...
compiling stm32f4xx_can.c...
compiling stm32f4xx_crc.c...
compiling stm32f4xx_cryp.c...
compiling stm32f4xx_cryp_aes.c...
compiling stm32f4xx_cryp_des.c...
compiling stm32f4xx_cryp_tdes.c...
compiling stm32f4xx_dac.c...
compiling stm32f4xx_dbgmcu.c...
compiling stm32f4xx_dcmi.c...
compiling stm32f4xx_dma.c...
compiling stm32f4xx_exti.c...
compiling stm32f4xx_flash.c...
compiling stm32f4xx_fsmc.c...
compiling stm32f4xx_hash.c...
compiling stm32f4xx_hash_md5.c...
compiling stm32f4xx_hash_sha1.c...
compiling stm32f4xx_i2c.c...
compiling stm32f4xx_iwdg.c...
compiling stm32f4xx_rng.c...
compiling stm32f4xx_rtc.c...
compiling stm32f4xx_sdio.c...
compiling stm32f4xx_spi.c...
compiling stm32f4xx_tim.c...
compiling stm32f4xx_usart.c...
compiling stm32f4xx_wwdg.c...
assembling startup_stm32f4xx.s...
compiling main.c...
main.h(28): error:  #5: cannot open source input file "stm324xg_eval.h": No such file or directory
compiling stm32f4xx_it.c...
main.h(28): error:  #5: cannot open source input file "stm324xg_eval.h": No such file or directory
".\work.axf" - 2 Errors, 0 Warning(s).
Target not created
Build target 'Target 1'
compiling system_stm32f4xx.c...
compiling misc.c...
compiling stm32f4xx_gpio.c...
compiling stm32f4xx_pwr.c...
compiling stm32f4xx_rcc.c...
compiling stm32f4xx_syscfg.c...
compiling stm32f4xx_adc.c...
compiling stm32f4xx_can.c...
compiling stm32f4xx_crc.c...
compiling stm32f4xx_cryp.c...
compiling stm32f4xx_cryp_aes.c...
compiling stm32f4xx_cryp_des.c...
compiling stm32f4xx_cryp_tdes.c...
compiling stm32f4xx_dac.c...
compiling stm32f4xx_dbgmcu.c...
compiling stm32f4xx_dcmi.c...
compiling stm32f4xx_dma.c...
compiling stm32f4xx_exti.c...
compiling stm32f4xx_flash.c...
compiling stm32f4xx_fsmc.c...
compiling stm32f4xx_hash.c...
compiling stm32f4xx_hash_md5.c...
compiling stm32f4xx_hash_sha1.c...
compiling stm32f4xx_i2c.c...
compiling stm32f4xx_iwdg.c...
compiling stm32f4xx_rng.c...
compiling stm32f4xx_rtc.c...
compiling stm32f4xx_sdio.c...
compiling stm32f4xx_spi.c...
compiling stm32f4xx_tim.c...
compiling stm32f4xx_usart.c...
compiling stm32f4xx_wwdg.c...
assembling startup_stm32f4xx.s...
compiling main.c...
main.h(28): error:  #5: cannot open source input file "stm324xg_eval.h": No such file or directory
compiling stm32f4xx_it.c...
main.h(28): error:  #5: cannot open source input file "stm324xg_eval.h": No such file or directory
".\object\work.axf" - 2 Errors, 0 Warning(s).
Target not created
Build target 'Target 1'
compiling system_stm32f4xx.c...
compiling misc.c...
compiling stm32f4xx_gpio.c...
compiling stm32f4xx_pwr.c...
compiling stm32f4xx_rcc.c...
compiling stm32f4xx_syscfg.c...
compiling stm32f4xx_adc.c...
compiling stm32f4xx_can.c...
compiling stm32f4xx_crc.c...
compiling stm32f4xx_cryp.c...
compiling stm32f4xx_cryp_aes.c...
compiling stm32f4xx_cryp_des.c...
compiling stm32f4xx_cryp_tdes.c...
compiling stm32f4xx_dac.c...
compiling stm32f4xx_dbgmcu.c...
compiling stm32f4xx_dcmi.c...
compiling stm32f4xx_dma.c...
compiling stm32f4xx_exti.c...
compiling stm32f4xx_flash.c...
compiling stm32f4xx_fsmc.c...
compiling stm32f4xx_hash.c...
compiling stm32f4xx_hash_md5.c...
compiling stm32f4xx_hash_sha1.c...
compiling stm32f4xx_i2c.c...
compiling stm32f4xx_iwdg.c...
compiling stm32f4xx_rng.c...
compiling stm32f4xx_rtc.c...
compiling stm32f4xx_sdio.c...
compiling stm32f4xx_spi.c...
compiling stm32f4xx_tim.c...
compiling stm32f4xx_usart.c...
compiling stm32f4xx_wwdg.c...
assembling startup_stm32f4xx.s...
compiling main.c...
main.c(60): warning:  #223-D: function "STM_EVAL_LEDInit" declared implicitly
main.c(60): error:  #20: identifier "LED1" is undefined
main.c(61): error:  #20: identifier "LED2" is undefined
main.c(62): error:  #20: identifier "LED3" is undefined
main.c(63): error:  #20: identifier "LED4" is undefined
main.c(66): warning:  #223-D: function "STM_EVAL_LEDOn" declared implicitly
main.c(104): warning:  #223-D: function "STM_EVAL_LEDToggle" declared implicitly
compiling stm32f4xx_it.c...
".\object\work.axf" - 4 Errors, 3 Warning(s).
Target not created
Build target 'Target 1'
compiling system_stm32f4xx.c...
compiling misc.c...
compiling stm32f4xx_gpio.c...
compiling stm32f4xx_pwr.c...
compiling stm32f4xx_rcc.c...
compiling stm32f4xx_syscfg.c...
compiling stm32f4xx_adc.c...
compiling stm32f4xx_can.c...
compiling stm32f4xx_crc.c...
compiling stm32f4xx_cryp.c...
compiling stm32f4xx_cryp_aes.c...
compiling stm32f4xx_cryp_des.c...
compiling stm32f4xx_cryp_tdes.c...
compiling stm32f4xx_dac.c...
compiling stm32f4xx_dbgmcu.c...
compiling stm32f4xx_dcmi.c...
compiling stm32f4xx_dma.c...
compiling stm32f4xx_exti.c...
compiling stm32f4xx_flash.c...
compiling stm32f4xx_fsmc.c...
compiling stm32f4xx_hash.c...
compiling stm32f4xx_hash_md5.c...
compiling stm32f4xx_hash_sha1.c...
compiling stm32f4xx_i2c.c...
compiling stm32f4xx_iwdg.c...
compiling stm32f4xx_rng.c...
compiling stm32f4xx_rtc.c...
compiling stm32f4xx_sdio.c...
compiling stm32f4xx_spi.c...
compiling stm32f4xx_tim.c...
compiling stm32f4xx_usart.c...
compiling stm32f4xx_wwdg.c...
assembling startup_stm32f4xx.s...
compiling main.c...
compiling stm32f4xx_it.c...
linking...
Program Size: Code=1056 RO-data=424 RW-data=32 ZI-data=1632  
".\object\work.axf" - 0 Errors, 0 Warning(s).
